// Jest Snapshot v1, https://goo.gl/fbAQLP

exports[`game end renders correctly 1`] = `
<div
  className="bg-image d-flex justify-content-center align-items-center backgroundIMG"
  style={
    Object {
      "backgroundImage": "url(\\"https://images.unsplash.com/photo-1573595015625-ac674ed1d155?ixlib=rb-1.2.1&ixid=MnwxMjA3fDB8MHxwaG90by1wYWdlfHx8fGVufDB8fHx8&auto=format&fit=crop&w=1000&q=80\\")",
    }
  }
>
  <div
    className="mask darkMask"
  >
    <div
      className="justify-content-center align-items-center h-100 container"
    >
      <div
        className="row d-flex justify-content-center cardHolder"
      >
        <div
          className="col-12 col-md-10 col-lg-7 col-xl-6"
        >
          <div
            className="card glassCard card-body p-3 text-white my-4"
          >
            <h2
              className="text-center mb-5"
            >
              Game Over!
            </h2>
            <div
              className="formStack vstack minBreakpoint-xs"
              spacing={3}
            >
              <div>
                <label>
                  Username:Person, cause of death:undefined, score: 100
                </label>
              </div>
              <div>
                <button
                  className="btn btn-light playButton"
                  onClick={[Function]}
                  type="button"
                >
                  save Score
                </button>
              </div>
              <div>
                <button
                  className="btn btn-light playButton"
                  onClick={[Function]}
                  type="button"
                >
                  Play Again
                </button>
              </div>
            </div>
          </div>
        </div>
        <div
          className="col-12 col-md-10 col-lg-7 col-xl-6"
        >
          <div
            className="card glassCard card-body p-1 text-white my-4"
          >
            <h2
              className="text-center mb-5"
            >
              Scores
            </h2>
            <div
              className="formStack vstack minBreakpoint-xs"
              spacing={5}
            >
              <ol
                className="scoreArea"
              >
                <div>
                  <h1>
                    No current scores!
                  </h1>
                  <p>
                    be the first
                  </p>
                </div>
              </ol>
            </div>
          </div>
        </div>
      </div>
    </div>
  </div>
</div>
`;
